// Jest Snapshot v1, https://goo.gl/fbAQLP

exports[`Overview renders a snapshot properly 1`] = `
<div
  className="column has-text-centered"
>
  <div
    className="reactor"
  >
    <div
      className="reactor-row"
    >
      <div
        className="tube state2"
      />
      <div
        className="tube state3"
      />
    </div>
    <div
      className="reactor-row"
    >
      <div
        className="tube state1"
      />
      <div
        className="tube state1"
      />
      <div
        className="tube state1"
      />
      <div
        className="tube state1"
      />
    </div>
    <div
      className="reactor-row"
    >
      <div
        className="tube state2"
      />
      <div
        className="tube state2"
      />
      <div
        className="tube state2"
      />
      <div
        className="tube state2"
      />
    </div>
    <div
      className="reactor-row"
    >
      <div
        className="tube state3"
      />
      <div
        className="tube state3"
      />
      <div
        className="tube state3"
      />
      <div
        className="tube state3"
      />
    </div>
    <div
      className="reactor-row"
    >
      <div
        className="tube state4"
      />
      <div
        className="tube state4"
      />
      <div
        className="tube state4"
      />
      <div
        className="tube state4"
      />
    </div>
    <div
      className="reactor-row"
    >
      <div
        className="tube state5"
      />
      <div
        className="tube state5"
      />
      <div
        className="tube state5"
      />
      <div
        className="tube state5"
      />
    </div>
    <div
      className="reactor-row"
    >
      <div
        className="tube state0"
      />
      <div
        className="tube state4"
      />
    </div>
  </div>
</div>
`;
